shooriya.prabhaa@TIGER01400 MINGW64 ~
$ git config --list --show-origin
file:C:/Users/shooriya.prabhaa/AppData/Local/Programs/Git/etc/gitconfig diff.astextplain.textconv=astextplain
file:C:/Users/shooriya.prabhaa/AppData/Local/Programs/Git/etc/gitconfig filter.lfs.clean=git-lfs clean -- %f
file:C:/Users/shooriya.prabhaa/AppData/Local/Programs/Git/etc/gitconfig filter.lfs.smudge=git-lfs smudge -- %f
file:C:/Users/shooriya.prabhaa/AppData/Local/Programs/Git/etc/gitconfig filter.lfs.process=git-lfs filter-process
file:C:/Users/shooriya.prabhaa/AppData/Local/Programs/Git/etc/gitconfig filter.lfs.required=true
file:C:/Users/shooriya.prabhaa/AppData/Local/Programs/Git/etc/gitconfig http.sslbackend=schannel
file:C:/Users/shooriya.prabhaa/AppData/Local/Programs/Git/etc/gitconfig core.autocrlf=true
file:C:/Users/shooriya.prabhaa/AppData/Local/Programs/Git/etc/gitconfig core.fscache=true
file:C:/Users/shooriya.prabhaa/AppData/Local/Programs/Git/etc/gitconfig core.symlinks=false
file:C:/Users/shooriya.prabhaa/AppData/Local/Programs/Git/etc/gitconfig core.editor=nano.exe
file:C:/Users/shooriya.prabhaa/AppData/Local/Programs/Git/etc/gitconfig pull.rebase=false
file:C:/Users/shooriya.prabhaa/AppData/Local/Programs/Git/etc/gitconfig credential.helper=manager
file:C:/Users/shooriya.prabhaa/AppData/Local/Programs/Git/etc/gitconfig credential.https://dev.azure.com.usehttppath=true
file:C:/Users/shooriya.prabhaa/AppData/Local/Programs/Git/etc/gitconfig init.defaultbranch=master

shooriya.prabhaa@TIGER01400 MINGW64 ~
$ git config --global user.name "SHOORIYA"

shooriya.prabhaa@TIGER01400 MINGW64 ~
$ git config --global user.email shooriya.prabhaa@tigeranalytics.com

shooriya.prabhaa@TIGER01400 MINGW64 ~
$ git config --global init.defaultBranch main

shooriya.prabhaa@TIGER01400 MINGW64 ~
$ git config --list
diff.astextplain.textconv=astextplain
filter.lfs.clean=git-lfs clean -- %f
filter.lfs.smudge=git-lfs smudge -- %f
filter.lfs.process=git-lfs filter-process
filter.lfs.required=true
http.sslbackend=schannel
core.autocrlf=true
core.fscache=true
core.symlinks=false
core.editor=nano.exe
pull.rebase=false
credential.helper=manager
credential.https://dev.azure.com.usehttppath=true
init.defaultbranch=master
user.name=GOWTHAM
user.email=shooriya.prabhaa@tigeranalytics.com
init.defaultbranch=main

shooriya.prabhaa@TIGER01400 MINGW64 ~
$ git config user.name
GOWTHAM

shooriya.prabhaa@TIGER01400 MINGW64 ~
$ cd C:/Users/user/my_project
bash: cd: C:/Users/user/my_project: No such file or directory

shooriya.prabhaa@TIGER01400 MINGW64 ~
$ cd C:/Users/user
bash: cd: C:/Users/user: No such file or directory

shooriya.prabhaa@TIGER01400 MINGW64 ~
$ pwd
/c/Users/shooriya.prabhaa

shooriya.prabhaa@TIGER01400 MINGW64 ~
$ cd /c/Users/shooriya.prabhaa

shooriya.prabhaa@TIGER01400 MINGW64 ~
$ cd /c/Users/shooriya.prabhaa/my_project
bash: cd: /c/Users/shooriya.prabhaa/my_project: No such file or directory

shooriya.prabhaa@TIGER01400 MINGW64 ~
$ cd /c/Users/shooriya.prabhaa/my_project

shooriya.prabhaa@TIGER01400 MINGW64 ~/my_project
$ git init
Initialized empty Git repository in C:/Users/shooriya.prabhaa/my_project/.git/

shooriya.prabhaa@TIGER01400 MINGW64 ~/my_project (main)
$ git add *.c
fatal: pathspec '*.c' did not match any files

shooriya.prabhaa@TIGER01400 MINGW64 ~/my_project (main)
$ git add LICENSE
fatal: pathspec 'LICENSE' did not match any files

shooriya.prabhaa@TIGER01400 MINGW64 ~/my_project (main)
$ git commit -m 'Initial project version'
On branch main

Initial commit

nothing to commit (create/copy files and use "git add" to track)

shooriya.prabhaa@TIGER01400 MINGW64 ~/my_project (main)
$ git clone https://github.com/libgit2/libgit2
Cloning into 'libgit2'...
remote: Enumerating objects: 125983, done.
remote: Counting objects: 100% (125983/125983), done.
remote: Compressing objects: 100% (34566/34566), done.
remote: Total 125983 (delta 89384), reused 125927 (delta 89331), pack-reused 0 (from 0)
Receiving objects: 100% (125983/125983), 68.15 MiB | 4.60 MiB/s, done.
Resolving deltas: 100% (89384/89384), done.
Updating files: 100% (11869/11869), done.

shooriya.prabhaa@TIGER01400 MINGW64 ~/my_project (main)
$ git status
On branch main

No commits yet

Untracked files:
  (use "git add <file>..." to include in what will be committed)
        libgit2/

nothing added to commit but untracked files present (use "git add" to track)

shooriya.prabhaa@TIGER01400 MINGW64 ~/my_project (main)
$ echo 'My Project' > README

shooriya.prabhaa@TIGER01400 MINGW64 ~/my_project (main)
$ git status
On branch main

No commits yet

Untracked files:
  (use "git add <file>..." to include in what will be committed)
        README
        libgit2/

nothing added to commit but untracked files present (use "git add" to track)

shooriya.prabhaa@TIGER01400 MINGW64 ~/my_project (main)
$ git add README
warning: in the working copy of 'README', LF will be replaced by CRLF the next time Git touches it

shooriya.prabhaa@TIGER01400 MINGW64 ~/my_project (main)
$ git status
On branch main

No commits yet

Changes to be committed:
  (use "git rm --cached <file>..." to unstage)
        new file:   README

Untracked files:
  (use "git add <file>..." to include in what will be committed)
        libgit2/


shooriya.prabhaa@TIGER01400 MINGW64 ~/my_project (main)
$ git status
On branch main

No commits yet

Changes to be committed:
  (use "git rm --cached <file>..." to unstage)
        new file:   README

Untracked files:
  (use "git add <file>..." to include in what will be committed)
        libgit2/


shooriya.prabhaa@TIGER01400 MINGW64 ~/my_project (main)
$ git add CONTRIBUTING.md
fatal: pathspec 'CONTRIBUTING.md' did not match any files

shooriya.prabhaa@TIGER01400 MINGW64 ~/my_project (main)
$ git status
On branch main

No commits yet

Changes to be committed:
  (use "git rm --cached <file>..." to unstage)
        new file:   README

Untracked files:
  (use "git add <file>..." to include in what will be committed)
        libgit2/


shooriya.prabhaa@TIGER01400 MINGW64 ~/my_project (main)
$ git status -s
A  README
?? libgit2/

shooriya.prabhaa@TIGER01400 MINGW64 ~/my_project (main)
$  cat .gitignore
cat: .gitignore: No such file or directory

shooriya.prabhaa@TIGER01400 MINGW64 ~/my_project (main)
$ git commit
Aborting commit due to empty commit message.

shooriya.prabhaa@TIGER01400 MINGW64 ~/my_project (main)
$ git commit
Aborting commit due to empty commit message.

shooriya.prabhaa@TIGER01400 MINGW64 ~/my_project (main)
$ git clone https://github.com/schacon/simplegit-progit
Cloning into 'simplegit-progit'...
remote: Enumerating objects: 13, done.
remote: Total 13 (delta 0), reused 0 (delta 0), pack-reused 13 (from 1)
Receiving objects: 100% (13/13), done.
Resolving deltas: 100% (3/3), done.

shooriya.prabhaa@TIGER01400 MINGW64 ~/my_project (main)
$  git log
fatal: your current branch 'main' does not have any commits yet

shooriya.prabhaa@TIGER01400 MINGW64 ~/my_project (main)
$ git log
fatal: your current branch 'main' does not have any commits yet

shooriya.prabhaa@TIGER01400 MINGW64 ~/my_project (main)
$ git log --since=2.weeks
fatal: your current branch 'main' does not have any commits yet

shooriya.prabhaa@TIGER01400 MINGW64 ~/my_project (main)
$ git push -u origin master
error: src refspec master does not match any
error: failed to push some refs to 'origin'

shooriya.prabhaa@TIGER01400 MINGW64 ~/my_project (main)
$ git checkout main
error: pathspec 'main' did not match any file(s) known to git

shooriya.prabhaa@TIGER01400 MINGW64 ~/my_project (main)
$ git branch -m master

shooriya.prabhaa@TIGER01400 MINGW64 ~/my_project (master)
$ git push -u origin master
error: src refspec master does not match any
error: failed to push some refs to 'origin'

shooriya.prabhaa@TIGER01400 MINGW64 ~/my_project (master)
$ git commit --amend
fatal: You have nothing to amend.

shooriya.prabhaa@TIGER01400 MINGW64 ~/my_project (master)
$ git commit -m 'Initial commit
> ^C

shooriya.prabhaa@TIGER01400 MINGW64 ~/my_project (master)
$ git commit -m 'Initial commit'
[master (root-commit) 9901178] Initial commit
 1 file changed, 1 insertion(+)
 create mode 100644 README

shooriya.prabhaa@TIGER01400 MINGW64 ~/my_project (master)
$ git add forgotten_file
fatal: pathspec 'forgotten_file' did not match any files

shooriya.prabhaa@TIGER01400 MINGW64 ~/my_project (master)
$ git commit --amend
[master 3915c5f] Initial commit
 Date: Mon Sep 16 11:58:49 2024 +0530
 1 file changed, 1 insertion(+)
 create mode 100644 README

shooriya.prabhaa@TIGER01400 MINGW64 ~/my_project (master)
$ git add *
warning: adding embedded git repository: libgit2
hint: You've added another git repository inside your current repository.
hint: Clones of the outer repository will not contain the contents of
hint: the embedded repository and will not know how to obtain it.
hint: If you meant to add a submodule, use:
hint:
hint:   git submodule add <url> libgit2
hint:
hint: If you added this path by mistake, you can remove it from the
hint: index with:
hint:
hint:   git rm --cached libgit2
hint:
hint: See "git help submodule" for more information.
hint: Disable this message with "git config advice.addEmbeddedRepo false"
warning: adding embedded git repository: simplegit-progit

shooriya.prabhaa@TIGER01400 MINGW64 ~/my_project (master)
$ git status
On branch master
Changes to be committed:
  (use "git restore --staged <file>..." to unstage)
        new file:   libgit2
        new file:   simplegit-progit


shooriya.prabhaa@TIGER01400 MINGW64 ~/my_project (master)
$ git clone https://github.com/schacon/ticgit
Cloning into 'ticgit'...
remote: Enumerating objects: 1857, done.
remote: Total 1857 (delta 0), reused 0 (delta 0), pack-reused 1857 (from 1)
Receiving objects: 100% (1857/1857), 334.06 KiB | 3.93 MiB/s, done.
Resolving deltas: 100% (837/837), done.

shooriya.prabhaa@TIGER01400 MINGW64 ~/my_project (master)
$ cd ticgit

shooriya.prabhaa@TIGER01400 MINGW64 ~/my_project/ticgit (master)
$ git remote
origin

shooriya.prabhaa@TIGER01400 MINGW64 ~/my_project/ticgit (master)
$ git remote -v
origin  https://github.com/schacon/ticgit (fetch)
origin  https://github.com/schacon/ticgit (push)

shooriya.prabhaa@TIGER01400 MINGW64 ~/my_project/ticgit (master)
$ cd grit
bash: cd: grit: No such file or directory

shooriya.prabhaa@TIGER01400 MINGW64 ~/my_project/ticgit (master)
$ pwd
/c/Users/shooriya.prabhaa/my_project/ticgit

shooriya.prabhaa@TIGER01400 MINGW64 ~/my_project/ticgit (master)
$ cd /c/Users/shooriya.prabhaa/my_project/ticgit/grit
bash: cd: /c/Users/shooriya.prabhaa/my_project/ticgit/grit: No such file or directory

shooriya.prabhaa@TIGER01400 MINGW64 ~/my_project/ticgit (master)
$ git remote add pb https://github.com/paulboone/ticgit

shooriya.prabhaa@TIGER01400 MINGW64 ~/my_project/ticgit (master)
$ git remote -v
origin  https://github.com/schacon/ticgit (fetch)
origin  https://github.com/schacon/ticgit (push)
pb      https://github.com/paulboone/ticgit (fetch)
pb      https://github.com/paulboone/ticgit (push)

shooriya.prabhaa@TIGER01400 MINGW64 ~/my_project/ticgit (master)
$ git fetch pb
remote: Enumerating objects: 43, done.
remote: Counting objects: 100% (22/22), done.
remote: Total 43 (delta 22), reused 22 (delta 22), pack-reused 21 (from 1)
Unpacking objects: 100% (43/43), 5.99 KiB | 32.00 KiB/s, done.
From https://github.com/paulboone/ticgit
 * [new branch]      master     -> pb/master
 * [new branch]      ticgit     -> pb/ticgit

shooriya.prabhaa@TIGER01400 MINGW64 ~/my_project/ticgit (master)
$ git push origin master
info: please complete authentication in your browser...
remote: Permission to schacon/ticgit.git denied to gowthamtiger.
fatal: unable to access 'https://github.com/schacon/ticgit/': The requested URL returned error: 403

shooriya.prabhaa@TIGER01400 MINGW64 ~/my_project/ticgit (master)
$ git remote show origin
* remote origin
  Fetch URL: https://github.com/schacon/ticgit
  Push  URL: https://github.com/schacon/ticgit
  HEAD branch: master
  Remote branches:
    master tracked
    ticgit tracked
  Local branch configured for 'git pull':
    master merges with remote master
  Local ref configured for 'git push':
    master pushes to master (up to date)

shooriya.prabhaa@TIGER01400 MINGW64 ~/my_project/ticgit (master)
$  git remote rename pb paul
Renaming remote references: 100% (2/2), done.

shooriya.prabhaa@TIGER01400 MINGW64 ~/my_project/ticgit (master)
$ git remote
origin
paul

shooriya.prabhaa@TIGER01400 MINGW64 ~/my_project/ticgit (master)
$ git remote remove paul

shooriya.prabhaa@TIGER01400 MINGW64 ~/my_project/ticgit (master)
$ git remote
origin

shooriya.prabhaa@TIGER01400 MINGW64 ~/my_project/ticgit (master)
$ git tag

shooriya.prabhaa@TIGER01400 MINGW64 ~/my_project/ticgit (master)
$ git tag -l "v1.8.5*"

shooriya.prabhaa@TIGER01400 MINGW64 ~/my_project/ticgit (master)
$ git tag -a v1.4 -m "my version 1.4"

shooriya.prabhaa@TIGER01400 MINGW64 ~/my_project/ticgit (master)
$ git tag
v1.4

shooriya.prabhaa@TIGER01400 MINGW64 ~/my_project/ticgit (master)
$ git show v1.4
tag v1.4
Tagger: GOWTHAM <shooriya.prabhaa@tigeranalytics.com>
Date:   Mon Sep 16 12:04:55 2024 +0530

my version 1.4

commit 847256809a3d518cd36b8f81859401416fe8d945 (HEAD -> master, tag: v1.4, origin/master, origin/HEAD)
Author: Jeff Welling <Jeff.Welling@Gmail.com>
Date:   Tue Apr 26 17:29:17 2011 -0700

    Added note to clarify which is the canonical TicGit-ng repo

diff --git a/README.mkd b/README.mkd
index ab92035..9ea9ff9 100644
--- a/README.mkd
+++ b/README.mkd
@@ -1,3 +1,6 @@
+Note: the original TicGit author has pulled all the TicGit-ng changes into his repository, creating a potentially confusing situation. The schacon TicGit repo, this one, is not consistently maintained. For up to date TicGit-ng info and code, check the canonical TicGit-ng repository at
+https://github.com/jeffWelling/ticgit
+
 ## TicGit-ng ##

 This project provides a ticketing system built on Git that is kept in a

shooriya.prabhaa@TIGER01400 MINGW64 ~/my_project/ticgit (master)
$ git tag v1.4-lw

shooriya.prabhaa@TIGER01400 MINGW64 ~/my_project/ticgit (master)
$ git tag
v1.4
v1.4-lw

shooriya.prabhaa@TIGER01400 MINGW64 ~/my_project/ticgit (master)
$ git show v1.4-lw
commit 847256809a3d518cd36b8f81859401416fe8d945 (HEAD -> master, tag: v1.4-lw, tag: v1.4, origin/master, origin/HEAD)
Author: Jeff Welling <Jeff.Welling@Gmail.com>
Date:   Tue Apr 26 17:29:17 2011 -0700

    Added note to clarify which is the canonical TicGit-ng repo

diff --git a/README.mkd b/README.mkd
index ab92035..9ea9ff9 100644
--- a/README.mkd
+++ b/README.mkd
@@ -1,3 +1,6 @@
+Note: the original TicGit author has pulled all the TicGit-ng changes into his repository, creating a potentially confusing situation. The schacon TicGit repo, this one, is not consistently maintained. For up to date TicGit-ng info and code, check the canonical TicGit-ng repository at
+https://github.com/jeffWelling/ticgit
+
 ## TicGit-ng ##

 This project provides a ticketing system built on Git that is kept 
 
shooriya.prabhaa@TIGER01400 MINGW64 ~
$ pwd
/c/Users/shooriya.prabhaa

shooriya.prabhaa@TIGER01400 MINGW64 ~
$ cd /c/Users/shooriya.prabhaa/my_project

shooriya.prabhaa@TIGER01400 MINGW64 ~/my_project (master)
$ git config --global alias.co checkout

shooriya.prabhaa@TIGER01400 MINGW64 ~/my_project (master)
$ git config --global alias.br branch

shooriya.prabhaa@TIGER01400 MINGW64 ~/my_project (master)
$ git config --global alias.ci commit

shooriya.prabhaa@TIGER01400 MINGW64 ~/my_project (master)
$ it config --global alias.st status
bash: it: command not found

shooriya.prabhaa@TIGER01400 MINGW64 ~/my_project (master)
$ git config --global alias.st status

shooriya.prabhaa@TIGER01400 MINGW64 ~/my_project (master)
$ git config --global alias.unstage 'reset HEAD --'

shooriya.prabhaa@TIGER01400 MINGW64 ~/my_project (master)
$ git unstage fileA

shooriya.prabhaa@TIGER01400 MINGW64 ~/my_project (master)
$ git reset HEAD -- fileA

shooriya.prabhaa@TIGER01400 MINGW64 ~/my_project (master)
$ git config --global alias.last 'log -1 HEAD'

shooriya.prabhaa@TIGER01400 MINGW64 ~/my_project (master)
$ git last
commit 3915c5fb91623c28d934387da08a2e936bd7c97f (HEAD -> master)
Author: GOWTHAM <shooriya.prabhaa@tigeranalytics.com>
Date:   Mon Sep 16 11:58:49 2024 +0530

    Initial commit

shooriya.prabhaa@TIGER01400 MINGW64 ~/my_project (master)
$ git config --global alias.visual '!gitk'

shooriya.prabhaa@TIGER01400 MINGW64 ~/my_project (master)
$ git add README test.rb LICENSE
fatal: pathspec 'test.rb' did not match any files

shooriya.prabhaa@TIGER01400 MINGW64 ~/my_project (master)
$ git add README test.rb LICENSE
fatal: pathspec 'test.rb' did not match any files

shooriya.prabhaa@TIGER01400 MINGW64 ~/my_project (master)
$ ^C

shooriya.prabhaa@TIGER01400 MINGW64 ~/my_project (master)
$ git add README test.rb LICENSE
fatal: pathspec 'test.rb' did not match any files

shooriya.prabhaa@TIGER01400 MINGW64 ~/my_project (master)
$ git commit -m 'Initial commit'
[master 82fe467] Initial commit
 2 files changed, 2 insertions(+)
 create mode 160000 libgit2
 create mode 160000 simplegit-progit

shooriya.prabhaa@TIGER01400 MINGW64 ~/my_project (master)
$ git log --oneline --decorate
82fe467 (HEAD -> master) Initial commit
3915c5f Initial commit

shooriya.prabhaa@TIGER01400 MINGW64 ~/my_project (master)
$ git checkout testing
error: pathspec 'testing' did not match any file(s) known to git

shooriya.prabhaa@TIGER01400 MINGW64 ~/my_project (master)
$ git branch testing

shooriya.prabhaa@TIGER01400 MINGW64 ~/my_project (master)
$ git checkout testing
Switched to branch 'testing'

shooriya.prabhaa@TIGER01400 MINGW64 ~/my_project (testing)
$ git commit -a -m 'Make a change'
On branch testing
Untracked files:
  (use "git add <file>..." to include in what will be committed)
        ticgit/

nothing added to commit but untracked files present (use "git add" to track)

shooriya.prabhaa@TIGER01400 MINGW64 ~/my_project (testing)
$ git checkout master
Switched to branch 'master'

shooriya.prabhaa@TIGER01400 MINGW64 ~/my_project (master)
$ git commit -a -m 'Make other changes'
On branch master
Untracked files:
  (use "git add <file>..." to include in what will be committed)
        ticgit/

nothing added to commit but untracked files present (use "git add" to track)

shooriya.prabhaa@TIGER01400 MINGW64 ~/my_project (master)
$ git log --oneline --decorate --graph --all
* 82fe467 (HEAD -> master, testing) Initial commit
* 3915c5f Initial commit

shooriya.prabhaa@TIGER01400 MINGW64 ~/my_project (master)
$ git branch
* master
  testing

shooriya.prabhaa@TIGER01400 MINGW64 ~/my_project (master)
$ git branch -v
* master  82fe467 Initial commit
  testing 82fe467 Initial commit

shooriya.prabhaa@TIGER01400 MINGW64 ~/my_project (master)
$ git branch --no-merged

shooriya.prabhaa@TIGER01400 MINGW64 ~/my_project (master)
$ git branch -d testing
Deleted branch testing (was 82fe467).

shooriya.prabhaa@TIGER01400 MINGW64 ~/my_project (master)
$  git branch --move bad-branch-name corrected-branch-name
fatal: no branch named 'bad-branch-name'

shooriya.prabhaa@TIGER01400 MINGW64 ~/my_project (master)
$ git branch --move master main

shooriya.prabhaa@TIGER01400 MINGW64 ~/my_project (main)
$ git push --set-upstream origin main
fatal: 'origin' does not appear to be a git repository
fatal: Could not read from remote repository.

Please make sure you have the correct access rights
and the repository exists.

shooriya.prabhaa@TIGER01400 MINGW64 ~/my_project (main)
$ git branch --all
* main

shooriya.prabhaa@TIGER01400 MINGW64 ~/my_project (main)
$ git push origin --delete master
fatal: 'origin' does not appear to be a git repository
fatal: Could not read from remote repository.

Please make sure you have the correct access rights
and the repository exists.

shooriya.prabhaa@TIGER01400 MINGW64 ~/my_project (main)
$ git clone /srv/git/project.git4
Cloning into 'project.git4'...
fatal: 'C:/Users/shooriya.prabhaa/AppData/Local/Programs/Git/srv/git/project.git4' does not appear to be a git repository
fatal: Could not read from remote repository.

Please make sure you have the correct access rights
and the repository exists.

shooriya.prabhaa@TIGER01400 MINGW64 ~/my_project (main)
$ git clone file:///srv/git/project.git
Cloning into 'project'...
fatal: 'C:/Users/shooriya.prabhaa/AppData/Local/Programs/Git/srv/git/project.git' does not appear to be a git repository
fatal: Could not read from remote repository.

Please make sure you have the correct access rights
and the repository exists.

shooriya.prabhaa@TIGER01400 MINGW64 ~/my_project (main)
$ git remote add local_proj /srv/git/project.git

shooriya.prabhaa@TIGER01400 MINGW64 ~/my_project (main)
$ cd /var/www/htdocs/
bash: cd: /var/www/htdocs/: No such file or directory

shooriya.prabhaa@TIGER01400 MINGW64 ~/my_project (main)
$ cd /c/users/shooriya.prabhaa/my_project/var/www/htdocs/
bash: cd: /c/users/shooriya.prabhaa/my_project/var/www/htdocs/: No such file or directory

shooriya.prabhaa@TIGER01400 MINGW64 ~/my_project (main)
$ git clone --bare /path/to/git_project gitproject.git
Cloning into bare repository 'gitproject.git'...
fatal: 'C:/Users/shooriya.prabhaa/AppData/Local/Programs/Git/path/to/git_project' does not appear to be a git repository
fatal: Could not read from remote repository.

Please make sure you have the correct access rights
and the repository exists.

shooriya.prabhaa@TIGER01400 MINGW64 ~/my_project (main)
$ cd /c/users/shooriya.prabhaa/my_project/gitproject.git
bash: cd: /c/users/shooriya.prabhaa/my_project/gitproject.git: No such file or directory

shooriya.prabhaa@TIGER01400 MINGW64 ~/my_project (main)
$ git clone --bare my_project my_project.git
fatal: repository 'my_project' does not exist

shooriya.prabhaa@TIGER01400 MINGW64 ~/my_project (main)
$ cp -Rf my_project/.git my_project.git
cp: cannot stat 'my_project/.git': No such file or directory

shooriya.prabhaa@TIGER01400 MINGW64 ~/my_project (main)
$ sudo apt-get install apache2 apache2-utils
bash: sudo: command not found

shooriya.prabhaa@TIGER01400 MINGW64 ~/my_project (main)
$ git instaweb --httpd=webrick
/usr/bin/env: ‘ruby’: No such file or directory
Could not execute http daemon webrick.

shooriya.prabhaa@TIGER01400 MINGW64 ~/my_project (main)
$ git instaweb --httpd=webrick --stop

shooriya.prabhaa@TIGER01400 MINGW64 ~/my_project (main)
$ git clone https://server/namespace/project.git
Cloning into 'project'...
fatal: unable to access 'https://server/namespace/project.git/': Could not resolve host: server
