shooriya.prabhaa@TIGER01400 MINGW64 ~ (master)
$ script -a ~/my_unix_session

shooriya.prabhaa@TIGER01400 MINGW64 ~ (master)
$ ls -F Downloads/shell-lesson-data
shell-lesson-data/

shooriya.prabhaa@TIGER01400 MINGW64 ~ (master)
$ pwd
/c/Users/shooriya.prabhaa

shooriya.prabhaa@TIGER01400 MINGW64 ~ (master)
$ cd Downloads

shooriya.prabhaa@TIGER01400 MINGW64 ~/Downloads (master)
$ cd shell-lesson-data

shooriya.prabhaa@TIGER01400 MINGW64 ~/Downloads/shell-lesson-data (master)
$ cd exercise-data

shooriya.prabhaa@TIGER01400 MINGW64 ~/Downloads/shell-lesson-data/exercise-data (master)
$ pwd
/c/Users/shooriya.prabhaa/Downloads/shell-lesson-data/exercise-data

shooriya.prabhaa@TIGER01400 MINGW64 ~/Downloads/shell-lesson-data/exercise-data (master)
$ cd creatures

shooriya.prabhaa@TIGER01400 MINGW64 ~ (master)
$ cd  ~/Downloads/shell-lesson-data

shooriya.prabhaa@TIGER01400 MINGW64 ~/Downloads/shell-lesson-data (master)
$ ls -s exercise-data
total 0
0 alkanes/  0 animal-counts/  0 creatures/  0 numbers.txt/  0 writing/

shooriya.prabhaa@TIGER01400 MINGW64 ~/Downloads/shell-lesson-data (master)
$ ls -F
exercise-data/  north-pacific-gyre/

shooriya.prabhaa@TIGER01400 MINGW64 ~/Downloads/shell-lesson-data (master)
$ ls
exercise-data/  north-pacific-gyre/

shooriya.prabhaa@TIGER01400 MINGW64 ~/Downloads/shell-lesson-data (master)
$ ls north-pacific-gyre/goo
ls: cannot access 'north-pacific-gyre/goo': No such file or directory

shooriya.prabhaa@TIGER01400 MINGW64 ~/Downloads/shell-lesson-data (master)
$ pwd
/c/Users/shooriya.prabhaa/Downloads/shell-lesson-data

shooriya.prabhaa@TIGER01400 MINGW64 ~/Downloads/shell-lesson-data (master)
$ cd exercise-data/writing

shooriya.prabhaa@TIGER01400 MINGW64 ~/Downloads/shell-lesson-data/exercise-data/writing (master)
$ ls -F
haiku.txt/  LittleWomen.txt/

shooriya.prabhaa@TIGER01400 MINGW64 ~/Downloads/shell-lesson-data/exercise-data/writing (master)
$ mkdir thesis

shooriya.prabhaa@TIGER01400 MINGW64 ~/Downloads/shell-lesson-data/exercise-data/writing (master)
$ ls -F thesis

shooriya.prabhaa@TIGER01400 MINGW64 ~/Downloads/shell-lesson-data/exercise-data/writing (master)
$ mkdir -p ../project/data ../project/result

shooriya.prabhaa@TIGER01400 MINGW64 ~/Downloads/shell-lesson-data/exercise-data/writing (master)
$ cd thesis

shooriya.prabhaa@TIGER01400 MINGW64 ~/Downloads/shell-lesson-data/exercise-data/writing (master)
$ nano draft.txt

shooriya.prabhaa@TIGER01400 MINGW64 ~/Downloads/shell-lesson-data/exercise-data/writing/thesis (master)
$ ls
dreaft.txt

shooriya.prabhaa@TIGER01400 MINGW64 ~/Downloads/shell-lesson-data/exercise-data/writing/thesis (master)
$ ls -l
total 1
-rw-r--r-- 1 shooriya.prabhaa 1049089 64 Sep 23 13:04 dreaft.txt
-rw-r--r-- 1 shooriya.prabhaa 1049089  0 Sep 23 13:11 quotes.txt

shooriya.prabhaa@TIGER01400 MINGW64 ~/Downloads/shell-lesson-data/exercise-data/writing/thesis (master)
$ cd ~/Downloads/shell-lesson-data/exercise-data/writing

shooriya.prabhaa@TIGER01400 MINGW64 ~/Downloads/shell-lesson-data/exercise-data/writing (master)
$ mv thesis/draft.txt thesis/quotes.txt
mv: cannot stat 'thesis/draft.txt': No such file or directory

shooriya.prabhaa@TIGER01400 MINGW64 ~/Downloads/shell-lesson-data/exercise-data/writing (master)
$ mv thesis/dreaft.txt thesis/quotes.txt

shooriya.prabhaa@TIGER01400 MINGW64 ~/Downloads/shell-lesson-data/exercise-data/writing (master)
$ ls thesis
quotes.txt

shooriya.prabhaa@TIGER01400 MINGW64 ~/Downloads/shell-lesson-data/exercise-data/writing (master)
$ mv thesis/quotes.txt

shooriya.prabhaa@TIGER01400 MINGW64 ~/Downloads/shell-lesson-data/exercise-data/writing (master)
$ ls thesis
quotes.txt

shooriya.prabhaa@TIGER01400 MINGW64 ~/Downloads/shell-lesson-data/exercise-data/writing (master)
$  cp quotes.txt thesis/quotations.txt

shooriya.prabhaa@TIGER01400 MINGW64 ~/Downloads/shell-lesson-data/exercise-data/writing (master)
$ ls
haiku.txt/  LittleWomen.txt/  thesis/

shooriya.prabhaa@TIGER01400 MINGW64 ~/Downloads/shell-lesson-data/exercise-data/writing (master)
$ ls thesis
quotes.txt

shooriya.prabhaa@TIGER01400 MINGW64 ~/Downloads/shell-lesson-data/exercise-data/writing (master)
$ ls thesis/quotes.txt
thesis/quotes.txt

shooriya.prabhaa@TIGER01400 MINGW64 ~/Downloads/shell-lesson-data/exercise-data/writing (master)
$ ls
haiku.txt/  LittleWomen.txt/  thesis/

shooriya.prabhaa@TIGER01400 MINGW64 ~/Downloads/shell-lesson-data/exercise-data/writing (master)
$ cp -r thesis thesis_backup

shooriya.prabhaa@TIGER01400 MINGW64 ~/Downloads/shell-lesson-data/exercise-data/writing (master)
$ ls thesis thesis_backup
thesis:
quotes.txt

thesis_backup:
quotes.txt

shooriya.prabhaa@TIGER01400 MINGW64 ~/Downloads/shell-lesson-data/exercise-data/writing (master)
$ rm quotes.txt
rm: cannot remove 'quotes.txt': No such file or directory

shooriya.prabhaa@TIGER01400 MINGW64 ~/Downloads/shell-lesson-data/exercise-data/writing (master)
$ rm -r thesis

shooriya.prabhaa@TIGER01400 MINGW64 ~/Downloads/shell-lesson-data/exercise-data/writing (master)
$ pwd
/c/Users/shooriya.prabhaa/Downloads/shell-lesson-data/exercise-data/writing

shooriya.prabhaa@TIGER01400 MINGW64 ~/Downloads/shell-lesson-data/exercise-data/writing (master)
$ cd..
bash: cd..: command not found

shooriya.prabhaa@TIGER01400 MINGW64 ~/Downloads/shell-lesson-data/exercise-data/writing (master)
$ cd ~/Downloads/shell-lesson-data/exercise-data

shooriya.prabhaa@TIGER01400 MINGW64 ~/Downloads/shell-lesson-data/exercise-data (master)
$ cd ~/Downloads/shell-lesson-data/exercise-data/alkanes

shooriya.prabhaa@TIGER01400 MINGW64 ~/Downloads/shell-lesson-data/exercise-data/alkanes (master)
$ ls
cubane.pdb/  methane.pdb/  pentane.pdb/
ethane.pdb/  octane.pdb/   propane.pdb/

shooriya.prabhaa@TIGER01400 MINGW64 ~/Downloads/shell-lesson-data/exercise-data/alkanes (master)
$ wc cubane.pdb
  20  156 1158 cubane.pdb

shooriya.prabhaa@TIGER01400 MINGW64 ~/Downloads/shell-lesson-data/exercise-data/alkanes (master)
$ wc *.pdb
  20  156 1158 cubane.pdb
  12   84  622 ethane.pdb
   9   57  422 methane.pdb
  30  246 1828 octane.pdb
  21  165 1226 pentane.pdb
  15  111  825 propane.pdb
 107  819 6081 total

shooriya.prabhaa@TIGER01400 MINGW64 ~/Downloads/shell-lesson-data/shell-lesson-data/exercise-data/alkanes
$ wc -l *.pdb
  20 cubane.pdb
  12 ethane.pdb
   9 methane.pdb
  30 octane.pdb
  21 pentane.pdb
  15 propane.pdb
 107 total

shooriya.prabhaa@TIGER01400 MINGW64 ~/Downloads/shell-lesson-data/shell-lesson-data/exercise-data/alkanes
$  wc -l *.pdb > lengths.txt

shooriya.prabhaa@TIGER01400 MINGW64 ~/Downloads/shell-lesson-data/shell-lesson-data/exercise-data/alkanes
$ ls lengths.txt
lengths.txt

shooriya.prabhaa@TIGER01400 MINGW64 ~/Downloads/shell-lesson-data/shell-lesson-data/exercise-data/alkanes
$ cat lengths.txt
  20 cubane.pdb
  12 ethane.pdb
   9 methane.pdb
  30 octane.pdb
  21 pentane.pdb
  15 propane.pdb
 107 total

shooriya.prabhaa@TIGER01400 MINGW64 ~/Downloads/shell-lesson-data/shell-lesson-data/exercise-data/alkanes
$  sort -n lengths.txt
   9 methane.pdb
  12 ethane.pdb
  15 propane.pdb
  20 cubane.pdb
  21 pentane.pdb
  30 octane.pdb
 107 total

shooriya.prabhaa@TIGER01400 MINGW64 ~/Downloads/shell-lesson-data/shell-lesson-data/exercise-data/alkanes
$ sort -n lengths.txt > sorted-lengths.txt

shooriya.prabhaa@TIGER01400 MINGW64 ~/Downloads/shell-lesson-data/shell-lesson-data/exercise-data/alkanes
$  head -n 1 sorted-lengths.txt
   9 methane.pdb

shooriya.prabhaa@TIGER01400 MINGW64 ~/Downloads/shell-lesson-data/shell-lesson-data/exercise-data/alkanes
$ sort -n lengths.txt | head -n 1
   9 methane.pdb

shooriya.prabhaa@TIGER01400 MINGW64 ~/Downloads/shell-lesson-data/shell-lesson-data/exercise-data/alkanes
$ wc -l *.pdb | sort -n
   9 methane.pdb
  12 ethane.pdb
  15 propane.pdb
  20 cubane.pdb
  21 pentane.pdb
  30 octane.pdb
 107 total

shooriya.prabhaa@TIGER01400 MINGW64 ~/Downloads/shell-lesson-data/shell-lesson-data/exercise-data/alkanes
$ cd north-pacific-gyre
bash: cd: north-pacific-gyre: No such file or directory

shooriya.prabhaa@TIGER01400 MINGW64 ~/Downloads/shell-lesson-data/shell-lesson-data/exercise-data/alkanes
$ cd ~/Downloads/shell-lesson-data/shell-lesson-data/north-pacific-gyre

shooriya.prabhaa@TIGER01400 MINGW64 ~/Downloads/shell-lesson-data/shell-lesson-data/north-pacific-gyre
$ wc -l *.txt
  300 NENE01729A.txt
  300 NENE01729B.txt
  300 NENE01736A.txt
  300 NENE01751A.txt
  300 NENE01751B.txt
  300 NENE01812A.txt
  300 NENE01843A.txt
  300 NENE01843B.txt
  300 NENE01971Z.txt
  300 NENE01978A.txt
  300 NENE01978B.txt
  240 NENE02018B.txt
  300 NENE02040A.txt
  300 NENE02040B.txt
  300 NENE02040Z.txt
  300 NENE02043A.txt
  300 NENE02043B.txt
 5040 total

shooriya.prabhaa@TIGER01400 MINGW64 ~/Downloads/shell-lesson-data/shell-lesson-data/north-pacific-gyre
$ wc -l *.txt | sort -n | head -n 5
  240 NENE02018B.txt
  300 NENE01729A.txt
  300 NENE01729B.txt
  300 NENE01736A.txt
  300 NENE01751A.txt

shooriya.prabhaa@TIGER01400 MINGW64 ~/Downloads/shell-lesson-data/shell-lesson-data/north-pacific-gyre
$  wc -l *.txt | sort -n | tail -n 5
  300 NENE02040B.txt
  300 NENE02040Z.txt
  300 NENE02043A.txt
  300 NENE02043B.txt
 5040 total

shooriya.prabhaa@TIGER01400 MINGW64 ~/Downloads/shell-lesson-data/shell-lesson-data/north-pacific-gyre
$ ls *Z.txt\
> ^C

shooriya.prabhaa@TIGER01400 MINGW64 ~/Downloads/shell-lesson-data/shell-lesson-data/north-pacific-gyre
$ ls *Z.txt
NENE01971Z.txt  NENE02040Z.txt

shooriya.prabhaa@TIGER01400 MINGW64 ~/Downloads/shell-lesson-data/shell-lesson-data/north-pacific-gyre
$ cd ~/Downloads/shell-lesson-data/shell-lesson-data/exercise-data/creatures

shooriya.prabhaa@TIGER01400 MINGW64 ~/Downloads/shell-lesson-data/shell-lesson-data/exercise-data/creatures
$ $ head -n 5 basilisk.dat minotaur.dat unicorn.dat
bash: $: command not found

shooriya.prabhaa@TIGER01400 MINGW64 ~/Downloads/shell-lesson-data/shell-lesson-data/exercise-data/creatures
$ head -n 5 basilisk.dat minotaur.dat unicorn.dat
==> basilisk.dat <==
COMMON NAME: basilisk
CLASSIFICATION: basiliscus vulgaris
UPDATED: 1745-05-02
CCCCAACGAG
GAAACAGATC

==> minotaur.dat <==
COMMON NAME: minotaur
CLASSIFICATION: bos hominus
UPDATED: 1765-02-17
CCCGAAGGAC
CGACATCTCT

==> unicorn.dat <==
COMMON NAME: unicorn
CLASSIFICATION: equus monoceros
UPDATED: 1738-11-24
AGCCGGGTCG
CTTTACCTTA

shooriya.prabhaa@TIGER01400 MINGW64 ~/Downloads/shell-lesson-data/shell-lesson-data/exercise-data/creatures
$ for filename in basilisk.dat minotaur.dat unicorn.dat
> do
>     echo $filename
>     head -n 2 $filename | tail -n 1
> done
bash: syntax error near unexpected token `>'
bash: -n: command not found

shooriya.prabhaa@TIGER01400 MINGW64 ~/Downloads/shell-lesson-data/shell-lesson-data/exercise-data/creatures
$ for x in basilisk.dat minotaur.dat unicorn.dat
> do
>     head -n 2 $x | tail -n 1
> done
bash: syntax error near unexpected token `>'
bash: -n: command not found

shooriya.prabhaa@TIGER01400 MINGW64 ~/Downloads/shell-lesson-data/shell-lesson-data/exercise-data/creatures
$ for x in basilisk.dat minotaur.dat unicorn.dat
> do
> head -n 2 $x | tail -n 1
> done
CLASSIFICATION: basiliscus vulgaris
CLASSIFICATION: bos hominus
CLASSIFICATION: equus monoceros

shooriya.prabhaa@TIGER01400 MINGW64 ~/Downloads/shell-lesson-data/shell-lesson-data/exercise-data/creatures
$ for datafile in *.pdb
> do
> ls *.pdb
> done
ls: cannot access '*.pdb': No such file or directory

shooriya.prabhaa@TIGER01400 MINGW64 ~/Downloads/shell-lesson-data/shell-lesson-data/exercise-data/creatures
$  echo hello there
hello there

shooriya.prabhaa@TIGER01400 MINGW64 ~/Downloads/shell-lesson-data/shell-lesson-data/exercise-data/creatures
$ cp *.dat original-*.dat
cp: target 'original-*.dat' is not a directory

shooriya.prabhaa@TIGER01400 MINGW64 ~/Downloads/shell-lesson-data/shell-lesson-data/exercise-data/creatures
$ cp basilisk.dat original-basilisk.dat

shooriya.prabhaa@TIGER01400 MINGW64 ~/Downloads/shell-lesson-data/shell-lesson-data/exercise-data/creatures
$ cp minotaur.dat original-minotaur.dat

shooriya.prabhaa@TIGER01400 MINGW64 ~/Downloads/shell-lesson-data/shell-lesson-data/exercise-data/creatures
$ cp unicorn.dat original-unicorn.dat

shooriya.prabhaa@TIGER01400 MINGW64 ~/Downloads/shell-lesson-data/shell-lesson-data/exercise-data/creatures
$ for datafile in NENE*A.txt NENE*B.txt
> do
> echo $datafile
> done
NENE*A.txt
NENE*B.txt

shooriya.prabhaa@TIGER01400 MINGW64 ~/Downloads/shell-lesson-data/shell-lesson-data/exercise-data/creatures
$ cd ~/Downloads/shell-lesson-data/shell-lesson-data/exercise-data/alkanes

shooriya.prabhaa@TIGER01400 MINGW64 ~/Downloads/shell-lesson-data/shell-lesson-data/exercise-data/alkanes
$ nano middle.sh

shooriya.prabhaa@TIGER01400 MINGW64 ~/Downloads/shell-lesson-data/shell-lesson-data/exercise-data/alkanes
$ bash middle.sh
ATOM      9  H           1      -4.502   0.681   0.785  1.00  0.00
ATOM     10  H           1      -5.254  -0.243  -0.537  1.00  0.00
ATOM     11  H           1      -4.357   1.252  -0.895  1.00  0.00
ATOM     12  H           1      -3.009  -0.741  -1.467  1.00  0.00
ATOM     13  H           1      -3.172  -1.337   0.206  1.00  0.00

shooriya.prabhaa@TIGER01400 MINGW64 ~/Downloads/shell-lesson-data/shell-lesson-data/exercise-data/alkanes
$ bash middle.sh octane.pdb
ATOM      9  H           1      -4.502   0.681   0.785  1.00  0.00
ATOM     10  H           1      -5.254  -0.243  -0.537  1.00  0.00
ATOM     11  H           1      -4.357   1.252  -0.895  1.00  0.00
ATOM     12  H           1      -3.009  -0.741  -1.467  1.00  0.00
ATOM     13  H           1      -3.172  -1.337   0.206  1.00  0.00

shooriya.prabhaa@TIGER01400 MINGW64 ~/Downloads/shell-lesson-data/shell-lesson-data/exercise-data/alkanes
$ wc -l *.pdb | sort -n
   9 methane.pdb
  12 ethane.pdb
  15 propane.pdb
  20 cubane.pdb
  21 pentane.pdb
  30 octane.pdb
 107 total

shooriya.prabhaa@TIGER01400 MINGW64 ~/Downloads/shell-lesson-data/shell-lesson-data/exercise-data/alkanes
$ nano sorted.sh

shooriya.prabhaa@TIGER01400 MINGW64 ~/Downloads/shell-lesson-data/shell-lesson-data/exercise-data/alkanes
$ bash sorted.sh *.pdb ../creatures/*.dat
    9 methane.pdb
   12 ethane.pdb
   15 propane.pdb
   20 cubane.pdb
   21 pentane.pdb
   30 octane.pdb
  163 ../creatures/basilisk.dat
  163 ../creatures/minotaur.dat
  163 ../creatures/original-basilisk.dat
  163 ../creatures/original-minotaur.dat
  163 ../creatures/original-unicorn.dat
  163 ../creatures/unicorn.dat
 1085 total

shooriya.prabhaa@TIGER01400 MINGW64 ~/Downloads/shell-lesson-data/shell-lesson-data/exercise-data/alkanes
$  bash do-stats.sh NENE*A.txt NENE*B.txt
bash: do-stats.sh: No such file or directory

shooriya.prabhaa@TIGER01400 MINGW64 ~/Downloads/shell-lesson-data/shell-lesson-data/exercise-data/alkanes
$ cd ~/Downloads/shell-lesson-data/shell-lesson-data/exercise-data/writing

shooriya.prabhaa@TIGER01400 MINGW64 ~/Downloads/shell-lesson-data/shell-lesson-data/exercise-data/writing
$  cat haiku.txt
The Tao that is seen
Is not the true Tao, until
You bring fresh toner.

With searching comes loss
and the presence of absence:
"My Thesis" not found.

Yesterday it worked
Today it is not working
Software is like that.

shooriya.prabhaa@TIGER01400 MINGW64 ~/Downloads/shell-lesson-data/shell-lesson-data/exercise-data/writing
$ grep not haiku.tx
grep: haiku.tx: No such file or directory

shooriya.prabhaa@TIGER01400 MINGW64 ~/Downloads/shell-lesson-data/shell-lesson-data/exercise-data/writing
$ grep not haiku.txt
Is not the true Tao, until
"My Thesis" not found.
Today it is not working

shooriya.prabhaa@TIGER01400 MINGW64 ~/Downloads/shell-lesson-data/shell-lesson-data/exercise-data/writing
$ grep -w The haiku.txt
The Tao that is seen

shooriya.prabhaa@TIGER01400 MINGW64 ~/Downloads/shell-lesson-data/shell-lesson-data/exercise-data/writing
$ grep -w "is not" haiku.txt
Today it is not working

shooriya.prabhaa@TIGER01400 MINGW64 ~/Downloads/shell-lesson-data/shell-lesson-data/exercise-data/writing
$ grep -n -w -i "the" haiku.txt
1:The Tao that is seen
2:Is not the true Tao, until
6:and the presence of absence:

shooriya.prabhaa@TIGER01400 MINGW64 ~/Downloads/shell-lesson-data/shell-lesson-data/exercise-data/writing
$ grep -r Yesterday .
./haiku.txt:Yesterday it worked
./LittleWomen.txt:"Yesterday, when Aunt was asleep and I was trying to be as still as a
./LittleWomen.txt:Yesterday at dinner, when an Austrian officer stared at us and then
./LittleWomen.txt:Yesterday was a quiet day spent in teaching, sewing, and writing in my

shooriya.prabhaa@TIGER01400 MINGW64 ~/Downloads/shell-lesson-data/shell-lesson-data/exercise-data/writing
$ grep -E "^.o" haiku.txt
You bring fresh toner.
Today it is not working
Software is like that.

shooriya.prabhaa@TIGER01400 MINGW64 ~/Downloads/shell-lesson-data/shell-lesson-data/exercise-data/writing
$ find .
.
./haiku.txt
./LittleWomen.txt
./thesis_backup
./thesis_backup/quotations.txt

shooriya.prabhaa@TIGER01400 MINGW64 ~/Downloads/shell-lesson-data/shell-lesson-data/exercise-data/writing
$ find . -type f
./haiku.txt
./LittleWomen.txt
./thesis_backup/quotations.txt

shooriya.prabhaa@TIGER01400 MINGW64 ~/Downloads/shell-lesson-data/shell-lesson-data/exercise-data/writing
$ find . -name *.txt
find: paths must precede expression: `LittleWomen.txt'
find: possible unquoted pattern after predicate `-name'?

shooriya.prabhaa@TIGER01400 MINGW64 ~/Downloads/shell-lesson-data/shell-lesson-data/exercise-data/writing
$ find . -name "*.txt"
./haiku.txt
./LittleWomen.txt
./thesis_backup/quotations.txt

shooriya.prabhaa@TIGER01400 MINGW64 ~/Downloads/shell-lesson-data/shell-lesson-data/exercise-data/writing
$ wc -l $(find . -name "*.txt")
     11 ./haiku.txt
  21022 ./LittleWomen.txt
      1 ./thesis_backup/quotations.txt
  21034 total

shooriya.prabhaa@TIGER01400 MINGW64 ~/Downloads/shell-lesson-data/shell-lesson-data/exercise-data/writing
$ grep "searching" $(find . -name "*.txt")
./haiku.txt:With searching comes loss
./LittleWomen.txt:sitting on the top step, affected to be searching for her book, but was

shooriya.prabhaa@TIGER01400 MINGW64 ~/Downloads/shell-lesson-data/shell-lesson-data/exercise-data/writing
$ long_running_command | tee ~/my_unix_session.log
bash: long_running_command: command not found

shooriya.prabhaa@TIGER01400 MINGW64 ~/Downloads/shell-lesson-data/shell-lesson-data/exercise-data/writing
$ ls -l | tee ~/my_unix_session.log
total 1033
-rw-r--r-- 1 shooriya.prabhaa 1049089     218 Sep 12 15:00 haiku.txt
-rw-r--r-- 1 shooriya.prabhaa 1049089 1053440 Sep 12 15:00 LittleWomen.txt
drwxr-xr-x 1 shooriya.prabhaa 1049089       0 Sep 12 15:31 thesis_backup/

shooriya.prabhaa@TIGER01400 MINGW64 ~/Downloads/shell-lesson-data/shell-lesson-data/exercise-data/writing
$ cd /c/Users/shooriya.prabhaa

shooriya.prabhaa@TIGER01400 MINGW64 ~
$ ls -l | tee ~/my_unix_session.log
total 22601
-rw-r--r-- 1 shooriya.prabhaa 1049089   131965 Jan  9  2024 active.csv
-rw-r--r-- 1 shooriya.prabhaa 1049089    61448 Jan  9  2024 active.parquet
drwxr-xr-x 1 shooriya.prabhaa 1049089        0 Nov  1  2023 AppData/
lrwxrwxrwx 1 shooriya.prabhaa 1049089       41 Nov  1  2023 Application Data -> /c/Users/shooriya.prabhaa/AppData/Roaming/
drwxr-xr-x 1 shooriya.prabhaa 1049089        0 Nov  1  2023 Contacts/
lrwxrwxrwx 1 shooriya.prabhaa 1049089       69 Nov  1  2023 Cookies -> /c/Users/shooriya.prabhaa/AppData/Local/Microsoft/Windows/INetCookies/
drwxr-xr-x 1 shooriya.prabhaa 1049089        0 Sep  4 19:01 Desktop/
drwxr-xr-x 1 shooriya.prabhaa 1049089        0 Mar 15 14:38 Documents/
drwxr-xr-x 1 shooriya.prabhaa 1049089        0 Sep 12 15:20 Downloads/
-rw-r--r-- 1 shooriya.prabhaa 1049089   255823 Jan 10  2024 fake_data_with_days.csv
drwxr-xr-x 1 shooriya.prabhaa 1049089        0 Nov  1  2023 Favorites/
drwxr-xr-x 1 shooriya.prabhaa 1049089        0 Aug 27 10:27 IntelGraphicsProfiles/
drwxr-xr-x 1 shooriya.prabhaa 1049089        0 Nov  1  2023 Links/
lrwxrwxrwx 1 shooriya.prabhaa 1049089       39 Nov  1  2023 Local Settings -> /c/Users/shooriya.prabhaa/AppData/Local/
drwxr-xr-x 1 shooriya.prabhaa 1049089        0 Nov  1  2023 Music/
lrwxrwxrwx 1 shooriya.prabhaa 1049089       35 Nov  1  2023 My Documents -> /c/Users/shooriya.prabhaa/Documents/
-rw-r--r-- 1 shooriya.prabhaa 1049089      229 Sep 12 15:47 my_unix_session.log
lrwxrwxrwx 1 shooriya.prabhaa 1049089       77 Nov  1  2023 NetHood -> /c/Users/shooriya.prabhaa/AppData/Roaming/Microsoft/Windows/Network Shortcuts/
-rw-r--r-- 1 shooriya.prabhaa 1049089 16252928 Aug 27 10:24 NTUSER.DAT
-rw-r--r-- 1 shooriya.prabhaa 1049089   327680 Nov  1  2023 ntuser.dat.LOG1
-rw-r--r-- 1 shooriya.prabhaa 1049089  4145152 Nov  1  2023 ntuser.dat.LOG2
-rw-r--r-- 1 shooriya.prabhaa 1049089    65536 Nov  1  2023 NTUSER.DAT{a2332f18-cdbf-11ec-8680-002248483d79}.TM.blf
-rw-r--r-- 1 shooriya.prabhaa 1049089   524288 Nov  1  2023 NTUSER.DAT{a2332f18-cdbf-11ec-8680-002248483d79}.TMContainer00000000000000000001.regtrans-ms
-rw-r--r-- 1 shooriya.prabhaa 1049089   524288 Nov  1  2023 NTUSER.DAT{a2332f18-cdbf-11ec-8680-002248483d79}.TMContainer00000000000000000002.regtrans-ms
-rw-r--r-- 1 shooriya.prabhaa 1049089       20 Nov  1  2023 ntuser.ini
drwxr-xr-x 1 shooriya.prabhaa 1049089        0 Oct 21  2023 OneDrive/
drwxr-xr-x 1 shooriya.prabhaa 1049089        0 Feb 26  2024 Pictures/
lrwxrwxrwx 1 shooriya.prabhaa 1049089       77 Nov  1  2023 PrintHood -> /c/Users/shooriya.prabhaa/AppData/Roaming/Microsoft/Windows/Printer Shortcuts/
-rw-r--r-- 1 shooriya.prabhaa 1049089    28448 Jul  2 13:48 python - Assignment 1.ipynb
-rw-r--r-- 1 shooriya.prabhaa 1049089    28448 Jul  2 13:49 python - Assignment 1-Copy1.ipynb
-rw-r--r-- 1 shooriya.prabhaa 1049089   104500 Jul 12 19:56 Python Data Science Questions.ipynb
-rw-r--r-- 1 shooriya.prabhaa 1049089    19095 Jul 26 13:21 python_practices.ipynb
lrwxrwxrwx 1 shooriya.prabhaa 1049089       66 Nov  1  2023 Recent -> /c/Users/shooriya.prabhaa/AppData/Roaming/Microsoft/Windows/Recent/
drwxr-xr-x 1 shooriya.prabhaa 1049089        0 Nov  1  2023 Saved Games/
-rw-r--r-- 1 shooriya.prabhaa 1049089        0 Sep 12 15:14 script.sh
drwxr-xr-x 1 shooriya.prabhaa 1049089        0 Nov 21  2023 Searches/
lrwxrwxrwx 1 shooriya.prabhaa 1049089       66 Nov  1  2023 SendTo -> /c/Users/shooriya.prabhaa/AppData/Roaming/Microsoft/Windows/SendTo/
lrwxrwxrwx 1 shooriya.prabhaa 1049089       70 Nov  1  2023 Start Menu -> /c/Users/shooriya.prabhaa/AppData/Roaming/Microsoft/Windows/Start Menu/
lrwxrwxrwx 1 shooriya.prabhaa 1049089       69 Nov  1  2023 Templates -> /c/Users/shooriya.prabhaa/AppData/Roaming/Microsoft/Windows/Templates/
-rw-r--r-- 1 shooriya.prabhaa 1049089     1859 Nov 28  2023 Untitled.ipynb
-rw-r--r-- 1 shooriya.prabhaa 1049089    17073 Jan  9  2024 Untitled1.ipynb
-rw-r--r-- 1 shooriya.prabhaa 1049089     7089 Jan 10  2024 Untitled2.ipynb
-rw-r--r-- 1 shooriya.prabhaa 1049089       72 Jun 11 13:55 Untitled3.ipynb
-rw-r--r-- 1 shooriya.prabhaa 1049089       72 Jun 26 15:06 Untitled4.ipynb
-rw-r--r-- 1 shooriya.prabhaa 1049089    27686 Jul  1 17:09 Untitled5.ipynb
-rw-r--r-- 1 shooriya.prabhaa 1049089       72 Jul  2 11:55 Untitled6.ipynb
drwxr-xr-x 1 shooriya.prabhaa 1049089        0 Nov  3  2023 Videos/
-rw-r--r-- 1 shooriya.prabhaa 1049089   254549 Jan  9  2024 viewers.csv
-rw-r--r-- 1 shooriya.prabhaa 1049089   176801 Jan  9  2024 viewers.parquet
-rw-r--r-- 1 shooriya.prabhaa 1049089     4413 Jul 12 20:03 Web_Scraping.ipynb

shooriya.prabhaa@TIGER01400 MINGW64 ~
$ ^C

shooriya.prabhaa@TIGER01400 MINGW64 ~
$ ^C

shooriya.prabhaa@TIGER01400 MINGW64 ~
$ cat ~/my_unix_session.log